[preview.codeless.co/folie/portfolio-product-fullscreen/index.html]
[backblue.gif]
[fade.gif]
[index.html]
[preview.codeless.co/folie/portfolio-product-fullscreen/wp-content/themes/folie/css/codeless-online76d7.css]
[preview.codeless.co/folie/portfolio-product-fullscreen/wp-content/plugins/contact-form-7/includes/css/stylesc6ac.css]
[preview.codeless.co/folie/portfolio-product-fullscreen/indexd784.html]
[preview.codeless.co/folie/portfolio-product-fullscreen/wp-content/themes/folie/css/bootstrap76d7.css]
[preview.codeless.co/folie/portfolio-product-fullscreen/indexa6da.html]
[preview.codeless.co/folie/portfolio-product-fullscreen/wp-content/themes/folie/style76d7.css]
[preview.codeless.co/folie/portfolio-product-fullscreen/wp-content/themes/folie/css/codeless-front-elements76d7.css]
[preview.codeless.co/folie/portfolio-product-fullscreen/wp-content/themes/folie/css/swiper.min76d7.css]
[preview.codeless.co/folie/portfolio-product-fullscreen/wp-content/themes/folie/css/codeless-creative-search76d7.css]
[preview.codeless.co/folie/portfolio-product-fullscreen/wp-includes/js/jquery/jqueryb8ff.js]
[preview.codeless.co/folie/portfolio-product-fullscreen/wp-includes/js/jquery/jquery-migrate.min330a.js]
[preview.codeless.co/folie/portfolio-product-fullscreen/wp-content/themes/folie/js/codeless-online76d7.js]
[preview.codeless.co/folie/portfolio-product-fullscreen/wp-includes/js/imagesloaded.min55a0.js]
[preview.codeless.co/folie/portfolio-product-fullscreen/wp-content/themes/folie/js/codeless-main76d7.js]
[preview.codeless.co/folie/portfolio-product-fullscreen/wp-content/themes/folie/js/bowser.min76d7.js]
[preview.codeless.co/folie/portfolio-product-fullscreen/wp-content/themes/folie/js/smoothscroll76d7.js]
[preview.codeless.co/folie/portfolio-product-fullscreen/wp-content/plugins/codeless-builder/assets/js/cl-front-end76d7.js]
[preview.codeless.co/folie/portfolio-product-fullscreen/index52f0.json]
[preview.codeless.co/folie/portfolio-product-fullscreen/xmlrpc0db0.php]
[preview.codeless.co/folie/portfolio-product-fullscreen/wp-includes/wlwmanifest.xml]
[preview.codeless.co/folie/portfolio-product-fullscreen/index9736.json]
[preview.codeless.co/folie/portfolio-product-fullscreen/index0328.php]
[preview.codeless.co/folie/portfolio-product-fullscreen/wp-content/uploads/2018/09/logo.jpg]
[preview.codeless.co/folie/portfolio-product-fullscreen/wp-content/uploads/2018/09/tanja-heffner-196114-unsplash-min-1.jpg]
[preview.codeless.co/folie/portfolio-product-fullscreen/wp-content/uploads/2018/09/nitin-pariyar-633637-unsplash-min.jpg]
[preview.codeless.co/folie/portfolio-product-fullscreen/wp-content/uploads/2018/09/hayes-potter-983396-unsplash-min.jpg]
[preview.codeless.co/folie/portfolio-product-fullscreen/wp-content/uploads/2018/09/alex-pudov-581494-unsplash-min.jpg]
[preview.codeless.co/folie/portfolio-product-fullscreen/wp-content/uploads/2018/09/victor-xok-800400-unsplash-min.jpg]
[preview.codeless.co/folie/portfolio-product-fullscreen/wp-content/plugins/contact-form-7/includes/js/scriptsc6ac.js]
[preview.codeless.co/folie/portfolio-product-fullscreen/index82f9.html]
[preview.codeless.co/folie/portfolio-product-fullscreen/wp-includes/js/wp-embed.min76d7.js]
[preview.codeless.co/folie/portfolio-product-fullscreen/index.html]
[preview.codeless.co/folie/portfolio-product-fullscreen/xmlrpc.php]
[preview.codeless.co/folie/portfolio-product-fullscreen/wp-content/themes/folie/css/codeless-online76d7.css]
[preview.codeless.co/folie/portfolio-product-fullscreen/wp-content/plugins/kirki/modules/webfont-loader/vendor-typekit/webfontloader8e5e.js]
[preview.codeless.co/folie/portfolio-product-fullscreen/wp-content/plugins/contact-form-7/images/ajax-loader.gif]
[preview.codeless.co/folie/portfolio-product-fullscreen/wp-content/plugins/contact-form-7/includes/css/stylesc6ac.css]
[preview.codeless.co/folie/portfolio-product-fullscreen/wp-content/themes/folie/css/bootstrap76d7.css]
[preview.codeless.co/folie/portfolio-product-fullscreen/wp-content/themes/folie/img/icon_top.png]
[preview.codeless.co/folie/portfolio-product-fullscreen/wp-content/themes/folie/style76d7.css]
[preview.codeless.co/folie/portfolio-product-fullscreen/wp-content/themes/folie/css/codeless-front-elements76d7.css]
[preview.codeless.co/folie/portfolio-product-fullscreen/wp-content/themes/folie/css/swiper.min76d7.css]
[preview.codeless.co/folie/portfolio-product-fullscreen/wp-content/themes/folie/css/codeless-creative-search76d7.css]
[preview.codeless.co/folie/portfolio-product-fullscreen/wp-content/themes/folie/css/codeless-dynamic76d7.css]
[preview.codeless.co/folie/portfolio-product-fullscreen/wp-content/plugins/kirki/assets/css/kirki-styles792f.css]
[preview.codeless.co/folie/portfolio-product-fullscreen/index88ef.json]
[preview.codeless.co/folie/portfolio-product-fullscreen/index82f9.html]
[preview.codeless.co/folie/portfolio-product-fullscreen/wp-content/themes/folie/img/icon_top.html]
[preview.codeless.co/folie/portfolio-product-fullscreen/indexa36b.html]
[preview.codeless.co/folie/portfolio-product-fullscreen/index2034.php]
